<?xml version="1.0" encoding="ISO-8859-1" ?>
<link_info>
   <banner>TI ARM Linker PC v20.2.7.LTS</banner>
   <copyright>Copyright (c) 1996-2018 Texas Instruments Incorporated</copyright>
   <link_time>0x67bc9870</link_time>
   <link_errors>0x0</link_errors>
   <output_file>Keypad-UART.out</output_file>
   <entry_point>
      <name>_c_int00_noinit_noargs</name>
      <address>0x479</address>
   </entry_point>
   <input_file_list>
      <input_file id="fl-2">
         <path>.\</path>
         <kind>object</kind>
         <file>main.obj</file>
         <name>main.obj</name>
      </input_file>
      <input_file id="fl-3">
         <path>.\</path>
         <kind>object</kind>
         <file>tm4c123gh6pm_startup_ccs.obj</file>
         <name>tm4c123gh6pm_startup_ccs.obj</name>
      </input_file>
      <input_file id="fl-8">
         <kind>object</kind>
         <file>&lt;internal&gt;</file>
         <name>&lt;internal&gt;</name>
      </input_file>
      <input_file id="fl-be">
         <path>C:\ti\ccs1240\ccs\tools\compiler\ti-cgt-arm_20.2.7.LTS\lib\</path>
         <kind>archive</kind>
         <file>rtsv7M4_T_le_v4SPD16_eabi.lib</file>
         <name>copy_zero_init.c.obj</name>
      </input_file>
      <input_file id="fl-bf">
         <path>C:\ti\ccs1240\ccs\tools\compiler\ti-cgt-arm_20.2.7.LTS\lib\</path>
         <kind>archive</kind>
         <file>rtsv7M4_T_le_v4SPD16_eabi.lib</file>
         <name>copy_decompress_none.c.obj</name>
      </input_file>
      <input_file id="fl-c0">
         <path>C:\ti\ccs1240\ccs\tools\compiler\ti-cgt-arm_20.2.7.LTS\lib\</path>
         <kind>archive</kind>
         <file>rtsv7M4_T_le_v4SPD16_eabi.lib</file>
         <name>copy_decompress_lzss.c.obj</name>
      </input_file>
      <input_file id="fl-c1">
         <path>C:\ti\ccs1240\ccs\tools\compiler\ti-cgt-arm_20.2.7.LTS\lib\</path>
         <kind>archive</kind>
         <file>rtsv7M4_T_le_v4SPD16_eabi.lib</file>
         <name>boot_cortex_m.c.obj</name>
      </input_file>
      <input_file id="fl-c2">
         <path>C:\ti\ccs1240\ccs\tools\compiler\ti-cgt-arm_20.2.7.LTS\lib\</path>
         <kind>archive</kind>
         <file>rtsv7M4_T_le_v4SPD16_eabi.lib</file>
         <name>memcpy_t2.asm.obj</name>
      </input_file>
      <input_file id="fl-c3">
         <path>C:\ti\ccs1240\ccs\tools\compiler\ti-cgt-arm_20.2.7.LTS\lib\</path>
         <kind>archive</kind>
         <file>rtsv7M4_T_le_v4SPD16_eabi.lib</file>
         <name>memset_t2.asm.obj</name>
      </input_file>
      <input_file id="fl-c4">
         <path>C:\ti\ccs1240\ccs\tools\compiler\ti-cgt-arm_20.2.7.LTS\lib\</path>
         <kind>archive</kind>
         <file>rtsv7M4_T_le_v4SPD16_eabi.lib</file>
         <name>autoinit.c.obj</name>
      </input_file>
      <input_file id="fl-c5">
         <path>C:\ti\ccs1240\ccs\tools\compiler\ti-cgt-arm_20.2.7.LTS\lib\</path>
         <kind>archive</kind>
         <file>rtsv7M4_T_le_v4SPD16_eabi.lib</file>
         <name>pre_init.c.obj</name>
      </input_file>
      <input_file id="fl-c6">
         <path>C:\ti\ccs1240\ccs\tools\compiler\ti-cgt-arm_20.2.7.LTS\lib\</path>
         <kind>archive</kind>
         <file>rtsv7M4_T_le_v4SPD16_eabi.lib</file>
         <name>cpy_tbl.c.obj</name>
      </input_file>
      <input_file id="fl-c7">
         <path>C:\ti\ccs1240\ccs\tools\compiler\ti-cgt-arm_20.2.7.LTS\lib\</path>
         <kind>archive</kind>
         <file>rtsv7M4_T_le_v4SPD16_eabi.lib</file>
         <name>exit.c.obj</name>
      </input_file>
      <input_file id="fl-c8">
         <path>C:\ti\ccs1240\ccs\tools\compiler\ti-cgt-arm_20.2.7.LTS\lib\</path>
         <kind>archive</kind>
         <file>rtsv7M4_T_le_v4SPD16_eabi.lib</file>
         <name>_lock.c.obj</name>
      </input_file>
      <input_file id="fl-c9">
         <path>C:\ti\ccs1240\ccs\tools\compiler\ti-cgt-arm_20.2.7.LTS\lib\</path>
         <kind>archive</kind>
         <file>rtsv7M4_T_le_v4SPD16_eabi.lib</file>
         <name>args_main.c.obj</name>
      </input_file>
      <input_file id="fl-ca">
         <path>C:\ti\TivaWare_C_Series-2.2.0.295\driverlib\gcc\</path>
         <kind>archive</kind>
         <file>libdriver.a</file>
         <name>gpio.o</name>
      </input_file>
      <input_file id="fl-cb">
         <path>C:\ti\TivaWare_C_Series-2.2.0.295\driverlib\gcc\</path>
         <kind>archive</kind>
         <file>libdriver.a</file>
         <name>interrupt.o</name>
      </input_file>
      <input_file id="fl-cc">
         <path>C:\ti\TivaWare_C_Series-2.2.0.295\driverlib\gcc\</path>
         <kind>archive</kind>
         <file>libdriver.a</file>
         <name>sysctl.o</name>
      </input_file>
      <input_file id="fl-cd">
         <path>C:\ti\TivaWare_C_Series-2.2.0.295\driverlib\gcc\</path>
         <kind>archive</kind>
         <file>libdriver.a</file>
         <name>uart.o</name>
      </input_file>
      <input_file id="fl-ce">
         <path>C:\ti\TivaWare_C_Series-2.2.0.295\driverlib\gcc\</path>
         <kind>archive</kind>
         <file>libdriver.a</file>
         <name>cpu.o</name>
      </input_file>
   </input_file_list>
   <object_component_list>
      <object_component id="oc-12">
         <name>.intvecs</name>
         <load_address>0x0</load_address>
         <run_address>0x0</run_address>
         <size>0x26c</size>
         <input_file_ref idref="fl-3"/>
      </object_component>
      <object_component id="oc-9b">
         <name>.text</name>
         <load_address>0x26c</load_address>
         <run_address>0x26c</run_address>
         <size>0x20c</size>
         <input_file_ref idref="fl-2"/>
      </object_component>
      <object_component id="oc-53">
         <name>.text:_c_int00_noinit_noargs:_c_int00_noinit_noargs</name>
         <load_address>0x478</load_address>
         <run_address>0x478</run_address>
         <size>0x2c</size>
         <input_file_ref idref="fl-c1"/>
      </object_component>
      <object_component id="oc-27">
         <name>.text</name>
         <load_address>0x4a4</load_address>
         <run_address>0x4a4</run_address>
         <size>0xc</size>
         <input_file_ref idref="fl-3"/>
      </object_component>
      <object_component id="oc-95">
         <name>.text:_system_pre_init</name>
         <load_address>0x4b0</load_address>
         <run_address>0x4b0</run_address>
         <size>0x4</size>
         <input_file_ref idref="fl-c5"/>
      </object_component>
      <object_component id="oc-db">
         <name>.text:abort:abort</name>
         <load_address>0x4b4</load_address>
         <run_address>0x4b4</run_address>
         <size>0x4</size>
         <input_file_ref idref="fl-c7"/>
      </object_component>
      <object_component id="oc-1d1">
         <name>.tramp.UARTCharPut.1</name>
         <load_address>0x4b8</load_address>
         <run_address>0x4b8</run_address>
         <size>0x8</size>
         <input_file_ref idref="fl-cd"/>
      </object_component>
      <object_component id="oc-1d0">
         <name>.tramp.GPIOPinRead.1</name>
         <load_address>0x4c0</load_address>
         <run_address>0x4c0</run_address>
         <size>0x8</size>
         <input_file_ref idref="fl-ca"/>
      </object_component>
      <object_component id="oc-1cf">
         <name>.tramp.GPIOPadConfigSet.1</name>
         <load_address>0x4c8</load_address>
         <run_address>0x4c8</run_address>
         <size>0x8</size>
         <input_file_ref idref="fl-ca"/>
      </object_component>
      <object_component id="oc-1ce">
         <name>.tramp.GPIOPinTypeGPIOInput.1</name>
         <load_address>0x4d0</load_address>
         <run_address>0x4d0</run_address>
         <size>0x8</size>
         <input_file_ref idref="fl-ca"/>
      </object_component>
      <object_component id="oc-1cd">
         <name>.tramp.GPIOPinWrite.1</name>
         <load_address>0x4d8</load_address>
         <run_address>0x4d8</run_address>
         <size>0x8</size>
         <input_file_ref idref="fl-ca"/>
      </object_component>
      <object_component id="oc-1cc">
         <name>.tramp.GPIOPinTypeGPIOOutput.1</name>
         <load_address>0x4e0</load_address>
         <run_address>0x4e0</run_address>
         <size>0x8</size>
         <input_file_ref idref="fl-ca"/>
      </object_component>
      <object_component id="oc-1cb">
         <name>.tramp.UARTEnable.1</name>
         <load_address>0x4e8</load_address>
         <run_address>0x4e8</run_address>
         <size>0x8</size>
         <input_file_ref idref="fl-cd"/>
      </object_component>
      <object_component id="oc-1ca">
         <name>.tramp.UARTConfigSetExpClk.1</name>
         <load_address>0x4f0</load_address>
         <run_address>0x4f0</run_address>
         <size>0x8</size>
         <input_file_ref idref="fl-cd"/>
      </object_component>
      <object_component id="oc-1c9">
         <name>.tramp.SysCtlClockGet.1</name>
         <load_address>0x4f8</load_address>
         <run_address>0x4f8</run_address>
         <size>0x8</size>
         <input_file_ref idref="fl-cc"/>
      </object_component>
      <object_component id="oc-1c8">
         <name>.tramp.GPIOPinTypeUART.1</name>
         <load_address>0x500</load_address>
         <run_address>0x500</run_address>
         <size>0x8</size>
         <input_file_ref idref="fl-ca"/>
      </object_component>
      <object_component id="oc-1c7">
         <name>.tramp.GPIOPinConfigure.1</name>
         <load_address>0x508</load_address>
         <run_address>0x508</run_address>
         <size>0x8</size>
         <input_file_ref idref="fl-ca"/>
      </object_component>
      <object_component id="oc-1c6">
         <name>.tramp.SysCtlPeripheralReady.1</name>
         <load_address>0x510</load_address>
         <run_address>0x510</run_address>
         <size>0x8</size>
         <input_file_ref idref="fl-cc"/>
      </object_component>
      <object_component id="oc-1c5">
         <name>.tramp.SysCtlPeripheralEnable.1</name>
         <load_address>0x518</load_address>
         <run_address>0x518</run_address>
         <size>0x8</size>
         <input_file_ref idref="fl-cc"/>
      </object_component>
      <object_component id="oc-1c4">
         <name>.tramp.SysCtlDelay.1</name>
         <load_address>0x520</load_address>
         <run_address>0x520</run_address>
         <size>0x8</size>
         <input_file_ref idref="fl-cc"/>
      </object_component>
      <object_component id="oc-1c3">
         <name>.tramp.SysCtlClockSet.1</name>
         <load_address>0x528</load_address>
         <run_address>0x528</run_address>
         <size>0x8</size>
         <input_file_ref idref="fl-cc"/>
      </object_component>
      <object_component id="oc-d7">
         <name>.const:keypad</name>
         <load_address>0x530</load_address>
         <run_address>0x530</run_address>
         <size>0x10</size>
         <input_file_ref idref="fl-2"/>
      </object_component>
      <object_component id="oc-24">
         <name>.stack</name>
         <uninitialized>true</uninitialized>
         <run_address>0x20000000</run_address>
         <size>0x4</size>
         <input_file_ref idref="fl-c1"/>
      </object_component>
      <object_component id="oc-1c2">
         <name>.stack</name>
         <uninitialized>true</uninitialized>
         <run_address>0x20000000</run_address>
         <size>0x0</size>
      </object_component>
      <object_component id="oc-b7">
         <name>.debug_info</name>
         <load_address>0x0</load_address>
         <run_address>0x0</run_address>
         <size>0x5c1</size>
         <input_file_ref idref="fl-2"/>
      </object_component>
      <object_component id="oc-d8">
         <name>.debug_info</name>
         <load_address>0x5c1</load_address>
         <run_address>0x5c1</run_address>
         <size>0xe1</size>
         <input_file_ref idref="fl-2"/>
      </object_component>
      <object_component id="oc-9c">
         <name>.debug_info</name>
         <load_address>0x6a2</load_address>
         <run_address>0x6a2</run_address>
         <size>0x60e</size>
         <input_file_ref idref="fl-2"/>
      </object_component>
      <object_component id="oc-70">
         <name>.debug_info</name>
         <load_address>0xcb0</load_address>
         <run_address>0xcb0</run_address>
         <size>0x26b</size>
         <input_file_ref idref="fl-2"/>
      </object_component>
      <object_component id="oc-b2">
         <name>.debug_info</name>
         <load_address>0xf1b</load_address>
         <run_address>0xf1b</run_address>
         <size>0x8b</size>
         <input_file_ref idref="fl-2"/>
      </object_component>
      <object_component id="oc-ad">
         <name>.debug_info</name>
         <load_address>0xfa6</load_address>
         <run_address>0xfa6</run_address>
         <size>0x2a4</size>
         <input_file_ref idref="fl-2"/>
      </object_component>
      <object_component id="oc-75">
         <name>.debug_info</name>
         <load_address>0x124a</load_address>
         <run_address>0x124a</run_address>
         <size>0xbb</size>
         <input_file_ref idref="fl-2"/>
      </object_component>
      <object_component id="oc-2f">
         <name>.debug_info</name>
         <load_address>0x1305</load_address>
         <run_address>0x1305</run_address>
         <size>0x2c2</size>
         <input_file_ref idref="fl-3"/>
      </object_component>
      <object_component id="oc-13">
         <name>.debug_info</name>
         <load_address>0x15c7</load_address>
         <run_address>0x15c7</run_address>
         <size>0x101</size>
         <input_file_ref idref="fl-3"/>
      </object_component>
      <object_component id="oc-28">
         <name>.debug_info</name>
         <load_address>0x16c8</load_address>
         <run_address>0x16c8</run_address>
         <size>0x27d</size>
         <input_file_ref idref="fl-3"/>
      </object_component>
      <object_component id="oc-36">
         <name>.debug_info</name>
         <load_address>0x1945</load_address>
         <run_address>0x1945</run_address>
         <size>0x84</size>
         <input_file_ref idref="fl-3"/>
      </object_component>
      <object_component id="oc-25">
         <name>.debug_info</name>
         <load_address>0x19c9</load_address>
         <run_address>0x19c9</run_address>
         <size>0x10b</size>
         <input_file_ref idref="fl-c1"/>
      </object_component>
      <object_component id="oc-55">
         <name>.debug_info</name>
         <load_address>0x1ad4</load_address>
         <run_address>0x1ad4</run_address>
         <size>0x1a2</size>
         <input_file_ref idref="fl-c1"/>
      </object_component>
      <object_component id="oc-97">
         <name>.debug_info</name>
         <load_address>0x1c76</load_address>
         <run_address>0x1c76</run_address>
         <size>0x153</size>
         <input_file_ref idref="fl-c5"/>
      </object_component>
      <object_component id="oc-dc">
         <name>.debug_info</name>
         <load_address>0x1dc9</load_address>
         <run_address>0x1dc9</run_address>
         <size>0x122</size>
         <input_file_ref idref="fl-c7"/>
      </object_component>
      <object_component id="oc-1d5">
         <name>.debug_info</name>
         <load_address>0x1eeb</load_address>
         <run_address>0x1eeb</run_address>
         <size>0x597</size>
      </object_component>
      <object_component id="oc-11a">
         <name>.debug_line</name>
         <load_address>0x0</load_address>
         <run_address>0x0</run_address>
         <size>0xc4</size>
         <input_file_ref idref="fl-2"/>
      </object_component>
      <object_component id="oc-120">
         <name>.debug_line</name>
         <load_address>0xc4</load_address>
         <run_address>0xc4</run_address>
         <size>0x2d</size>
         <input_file_ref idref="fl-2"/>
      </object_component>
      <object_component id="oc-a0">
         <name>.debug_line</name>
         <load_address>0xf1</load_address>
         <run_address>0xf1</run_address>
         <size>0x12c</size>
         <input_file_ref idref="fl-2"/>
      </object_component>
      <object_component id="oc-73">
         <name>.debug_line</name>
         <load_address>0x21d</load_address>
         <run_address>0x21d</run_address>
         <size>0x6f</size>
         <input_file_ref idref="fl-2"/>
      </object_component>
      <object_component id="oc-b5">
         <name>.debug_line</name>
         <load_address>0x28c</load_address>
         <run_address>0x28c</run_address>
         <size>0x20</size>
         <input_file_ref idref="fl-2"/>
      </object_component>
      <object_component id="oc-b0">
         <name>.debug_line</name>
         <load_address>0x2ac</load_address>
         <run_address>0x2ac</run_address>
         <size>0x73</size>
         <input_file_ref idref="fl-2"/>
      </object_component>
      <object_component id="oc-78">
         <name>.debug_line</name>
         <load_address>0x31f</load_address>
         <run_address>0x31f</run_address>
         <size>0x70</size>
         <input_file_ref idref="fl-2"/>
      </object_component>
      <object_component id="oc-6f">
         <name>.debug_line</name>
         <load_address>0x38f</load_address>
         <run_address>0x38f</run_address>
         <size>0x41</size>
         <input_file_ref idref="fl-3"/>
      </object_component>
      <object_component id="oc-2e">
         <name>.debug_line</name>
         <load_address>0x3d0</load_address>
         <run_address>0x3d0</run_address>
         <size>0x41</size>
         <input_file_ref idref="fl-3"/>
      </object_component>
      <object_component id="oc-2b">
         <name>.debug_line</name>
         <load_address>0x411</load_address>
         <run_address>0x411</run_address>
         <size>0xa1</size>
         <input_file_ref idref="fl-3"/>
      </object_component>
      <object_component id="oc-39">
         <name>.debug_line</name>
         <load_address>0x4b2</load_address>
         <run_address>0x4b2</run_address>
         <size>0x20</size>
         <input_file_ref idref="fl-3"/>
      </object_component>
      <object_component id="oc-6c">
         <name>.debug_line</name>
         <load_address>0x4d2</load_address>
         <run_address>0x4d2</run_address>
         <size>0x33</size>
         <input_file_ref idref="fl-c1"/>
      </object_component>
      <object_component id="oc-54">
         <name>.debug_line</name>
         <load_address>0x505</load_address>
         <run_address>0x505</run_address>
         <size>0x48</size>
         <input_file_ref idref="fl-c1"/>
      </object_component>
      <object_component id="oc-99">
         <name>.debug_line</name>
         <load_address>0x54d</load_address>
         <run_address>0x54d</run_address>
         <size>0x40</size>
         <input_file_ref idref="fl-c5"/>
      </object_component>
      <object_component id="oc-df">
         <name>.debug_line</name>
         <load_address>0x58d</load_address>
         <run_address>0x58d</run_address>
         <size>0x3c</size>
         <input_file_ref idref="fl-c7"/>
      </object_component>
      <object_component id="oc-9f">
         <name>.debug_frame</name>
         <load_address>0x0</load_address>
         <run_address>0x0</run_address>
         <size>0xd8</size>
         <input_file_ref idref="fl-2"/>
      </object_component>
      <object_component id="oc-2c">
         <name>.debug_frame</name>
         <load_address>0xd8</load_address>
         <run_address>0xd8</run_address>
         <size>0x90</size>
         <input_file_ref idref="fl-3"/>
      </object_component>
      <object_component id="oc-58">
         <name>.debug_frame</name>
         <load_address>0x168</load_address>
         <run_address>0x168</run_address>
         <size>0x50</size>
         <input_file_ref idref="fl-c1"/>
      </object_component>
      <object_component id="oc-9a">
         <name>.debug_frame</name>
         <load_address>0x1b8</load_address>
         <run_address>0x1b8</run_address>
         <size>0x54</size>
         <input_file_ref idref="fl-c5"/>
      </object_component>
      <object_component id="oc-e0">
         <name>.debug_frame</name>
         <load_address>0x20c</load_address>
         <run_address>0x20c</run_address>
         <size>0x54</size>
         <input_file_ref idref="fl-c7"/>
      </object_component>
      <object_component id="oc-119">
         <name>.debug_abbrev</name>
         <load_address>0x0</load_address>
         <run_address>0x0</run_address>
         <size>0xc4</size>
         <input_file_ref idref="fl-2"/>
      </object_component>
      <object_component id="oc-11f">
         <name>.debug_abbrev</name>
         <load_address>0xc4</load_address>
         <run_address>0xc4</run_address>
         <size>0x29</size>
         <input_file_ref idref="fl-2"/>
      </object_component>
      <object_component id="oc-da">
         <name>.debug_abbrev</name>
         <load_address>0xed</load_address>
         <run_address>0xed</run_address>
         <size>0xb4</size>
         <input_file_ref idref="fl-2"/>
      </object_component>
      <object_component id="oc-72">
         <name>.debug_abbrev</name>
         <load_address>0x1a1</load_address>
         <run_address>0x1a1</run_address>
         <size>0x69</size>
         <input_file_ref idref="fl-2"/>
      </object_component>
      <object_component id="oc-b4">
         <name>.debug_abbrev</name>
         <load_address>0x20a</load_address>
         <run_address>0x20a</run_address>
         <size>0x1f</size>
         <input_file_ref idref="fl-2"/>
      </object_component>
      <object_component id="oc-af">
         <name>.debug_abbrev</name>
         <load_address>0x229</load_address>
         <run_address>0x229</run_address>
         <size>0x5c</size>
         <input_file_ref idref="fl-2"/>
      </object_component>
      <object_component id="oc-77">
         <name>.debug_abbrev</name>
         <load_address>0x285</load_address>
         <run_address>0x285</run_address>
         <size>0x24</size>
         <input_file_ref idref="fl-2"/>
      </object_component>
      <object_component id="oc-6e">
         <name>.debug_abbrev</name>
         <load_address>0x2a9</load_address>
         <run_address>0x2a9</run_address>
         <size>0x68</size>
         <input_file_ref idref="fl-3"/>
      </object_component>
      <object_component id="oc-2d">
         <name>.debug_abbrev</name>
         <load_address>0x311</load_address>
         <run_address>0x311</run_address>
         <size>0x29</size>
         <input_file_ref idref="fl-3"/>
      </object_component>
      <object_component id="oc-6d">
         <name>.debug_abbrev</name>
         <load_address>0x33a</load_address>
         <run_address>0x33a</run_address>
         <size>0x79</size>
         <input_file_ref idref="fl-3"/>
      </object_component>
      <object_component id="oc-38">
         <name>.debug_abbrev</name>
         <load_address>0x3b3</load_address>
         <run_address>0x3b3</run_address>
         <size>0x1f</size>
         <input_file_ref idref="fl-3"/>
      </object_component>
      <object_component id="oc-6b">
         <name>.debug_abbrev</name>
         <load_address>0x3d2</load_address>
         <run_address>0x3d2</run_address>
         <size>0x29</size>
         <input_file_ref idref="fl-c1"/>
      </object_component>
      <object_component id="oc-a2">
         <name>.debug_abbrev</name>
         <load_address>0x3fb</load_address>
         <run_address>0x3fb</run_address>
         <size>0x55</size>
         <input_file_ref idref="fl-c1"/>
      </object_component>
      <object_component id="oc-c7">
         <name>.debug_abbrev</name>
         <load_address>0x450</load_address>
         <run_address>0x450</run_address>
         <size>0x55</size>
         <input_file_ref idref="fl-c5"/>
      </object_component>
      <object_component id="oc-121">
         <name>.debug_abbrev</name>
         <load_address>0x4a5</load_address>
         <run_address>0x4a5</run_address>
         <size>0x45</size>
         <input_file_ref idref="fl-c7"/>
      </object_component>
      <object_component id="oc-1d6">
         <name>.debug_abbrev</name>
         <load_address>0x4ea</load_address>
         <run_address>0x4ea</run_address>
         <size>0x23</size>
      </object_component>
      <object_component id="oc-74">
         <name>.debug_str</name>
         <load_address>0x0</load_address>
         <run_address>0x0</run_address>
         <size>0x2c5</size>
         <input_file_ref idref="fl-2"/>
      </object_component>
      <object_component id="oc-b6">
         <name>.debug_str</name>
         <load_address>0x2c5</load_address>
         <run_address>0x2c5</run_address>
         <size>0xfd</size>
         <input_file_ref idref="fl-2"/>
      </object_component>
      <object_component id="oc-b1">
         <name>.debug_str</name>
         <load_address>0x3c2</load_address>
         <run_address>0x3c2</run_address>
         <size>0x35b</size>
         <input_file_ref idref="fl-2"/>
      </object_component>
      <object_component id="oc-79">
         <name>.debug_str</name>
         <load_address>0x71d</load_address>
         <run_address>0x71d</run_address>
         <size>0x15d</size>
         <input_file_ref idref="fl-2"/>
      </object_component>
      <object_component id="oc-3a">
         <name>.debug_str</name>
         <load_address>0x87a</load_address>
         <run_address>0x87a</run_address>
         <size>0xfd</size>
         <input_file_ref idref="fl-3"/>
      </object_component>
      <object_component id="oc-9d">
         <name>.debug_aranges</name>
         <load_address>0x0</load_address>
         <run_address>0x0</run_address>
         <size>0x48</size>
         <input_file_ref idref="fl-2"/>
      </object_component>
      <object_component id="oc-29">
         <name>.debug_aranges</name>
         <load_address>0x48</load_address>
         <run_address>0x48</run_address>
         <size>0x38</size>
         <input_file_ref idref="fl-3"/>
      </object_component>
      <object_component id="oc-56">
         <name>.debug_aranges</name>
         <load_address>0x80</load_address>
         <run_address>0x80</run_address>
         <size>0x20</size>
         <input_file_ref idref="fl-c1"/>
      </object_component>
      <object_component id="oc-96">
         <name>.debug_aranges</name>
         <load_address>0xa0</load_address>
         <run_address>0xa0</run_address>
         <size>0x20</size>
         <input_file_ref idref="fl-c5"/>
      </object_component>
      <object_component id="oc-dd">
         <name>.debug_aranges</name>
         <load_address>0xc0</load_address>
         <run_address>0xc0</run_address>
         <size>0x20</size>
         <input_file_ref idref="fl-c7"/>
      </object_component>
      <object_component id="oc-d9">
         <name>.debug_pubnames</name>
         <load_address>0x0</load_address>
         <run_address>0x0</run_address>
         <size>0x1d</size>
         <input_file_ref idref="fl-2"/>
      </object_component>
      <object_component id="oc-9e">
         <name>.debug_pubnames</name>
         <load_address>0x1d</load_address>
         <run_address>0x1d</run_address>
         <size>0x72</size>
         <input_file_ref idref="fl-2"/>
      </object_component>
      <object_component id="oc-14">
         <name>.debug_pubnames</name>
         <load_address>0x8f</load_address>
         <run_address>0x8f</run_address>
         <size>0x23</size>
         <input_file_ref idref="fl-3"/>
      </object_component>
      <object_component id="oc-2a">
         <name>.debug_pubnames</name>
         <load_address>0xb2</load_address>
         <run_address>0xb2</run_address>
         <size>0x4c</size>
         <input_file_ref idref="fl-3"/>
      </object_component>
      <object_component id="oc-26">
         <name>.debug_pubnames</name>
         <load_address>0xfe</load_address>
         <run_address>0xfe</run_address>
         <size>0x1e</size>
         <input_file_ref idref="fl-c1"/>
      </object_component>
      <object_component id="oc-57">
         <name>.debug_pubnames</name>
         <load_address>0x11c</load_address>
         <run_address>0x11c</run_address>
         <size>0x2d</size>
         <input_file_ref idref="fl-c1"/>
      </object_component>
      <object_component id="oc-98">
         <name>.debug_pubnames</name>
         <load_address>0x149</load_address>
         <run_address>0x149</run_address>
         <size>0x27</size>
         <input_file_ref idref="fl-c5"/>
      </object_component>
      <object_component id="oc-de">
         <name>.debug_pubnames</name>
         <load_address>0x170</load_address>
         <run_address>0x170</run_address>
         <size>0x1c</size>
         <input_file_ref idref="fl-c7"/>
      </object_component>
      <object_component id="oc-1d7">
         <name>.debug_pubnames</name>
         <load_address>0x18c</load_address>
         <run_address>0x18c</run_address>
         <size>0x25f</size>
      </object_component>
      <object_component id="oc-71">
         <name>.debug_pubtypes</name>
         <load_address>0x0</load_address>
         <run_address>0x0</run_address>
         <size>0x25c</size>
         <input_file_ref idref="fl-2"/>
      </object_component>
      <object_component id="oc-b3">
         <name>.debug_pubtypes</name>
         <load_address>0x25c</load_address>
         <run_address>0x25c</run_address>
         <size>0xff</size>
         <input_file_ref idref="fl-2"/>
      </object_component>
      <object_component id="oc-ae">
         <name>.debug_pubtypes</name>
         <load_address>0x35b</load_address>
         <run_address>0x35b</run_address>
         <size>0x330</size>
         <input_file_ref idref="fl-2"/>
      </object_component>
      <object_component id="oc-76">
         <name>.debug_pubtypes</name>
         <load_address>0x68b</load_address>
         <run_address>0x68b</run_address>
         <size>0xaa</size>
         <input_file_ref idref="fl-2"/>
      </object_component>
      <object_component id="oc-37">
         <name>.debug_pubtypes</name>
         <load_address>0x735</load_address>
         <run_address>0x735</run_address>
         <size>0xed</size>
         <input_file_ref idref="fl-3"/>
      </object_component>
      <object_component id="oc-11c">
         <name>.text.GPIODirModeSet</name>
         <load_address>0xaa0</load_address>
         <run_address>0xaa0</run_address>
         <size>0x2e</size>
         <input_file_ref idref="fl-ca"/>
      </object_component>
      <object_component id="oc-d4">
         <name>.text.GPIOPadConfigSet</name>
         <load_address>0x540</load_address>
         <run_address>0x540</run_address>
         <size>0x170</size>
         <input_file_ref idref="fl-ca"/>
      </object_component>
      <object_component id="oc-d5">
         <name>.text.GPIOPinRead</name>
         <load_address>0xbae</load_address>
         <run_address>0xbae</run_address>
         <size>0x6</size>
         <input_file_ref idref="fl-ca"/>
      </object_component>
      <object_component id="oc-d2">
         <name>.text.GPIOPinWrite</name>
         <load_address>0xbb4</load_address>
         <run_address>0xbb4</run_address>
         <size>0x6</size>
         <input_file_ref idref="fl-ca"/>
      </object_component>
      <object_component id="oc-d3">
         <name>.text.GPIOPinTypeGPIOInput</name>
         <load_address>0xb16</load_address>
         <run_address>0xb16</run_address>
         <size>0x1c</size>
         <input_file_ref idref="fl-ca"/>
      </object_component>
      <object_component id="oc-d1">
         <name>.text.GPIOPinTypeGPIOOutput</name>
         <load_address>0xb32</load_address>
         <run_address>0xb32</run_address>
         <size>0x1c</size>
         <input_file_ref idref="fl-ca"/>
      </object_component>
      <object_component id="oc-cd">
         <name>.text.GPIOPinTypeUART</name>
         <load_address>0xb4e</load_address>
         <run_address>0xb4e</run_address>
         <size>0x1c</size>
         <input_file_ref idref="fl-ca"/>
      </object_component>
      <object_component id="oc-cc">
         <name>.text.GPIOPinConfigure</name>
         <load_address>0x9fc</load_address>
         <run_address>0x9fc</run_address>
         <size>0x4c</size>
         <input_file_ref idref="fl-ca"/>
      </object_component>
      <object_component id="oc-11b">
         <name>.rodata.g_pui32GPIOBaseAddrs</name>
         <load_address>0x900</load_address>
         <run_address>0x900</run_address>
         <size>0x90</size>
         <input_file_ref idref="fl-ca"/>
      </object_component>
      <object_component id="oc-cb">
         <name>.text.SysCtlPeripheralReady</name>
         <load_address>0xace</load_address>
         <run_address>0xace</run_address>
         <size>0x26</size>
         <input_file_ref idref="fl-cc"/>
      </object_component>
      <object_component id="oc-ca">
         <name>.text.SysCtlPeripheralEnable</name>
         <load_address>0xaf4</load_address>
         <run_address>0xaf4</run_address>
         <size>0x22</size>
         <input_file_ref idref="fl-cc"/>
      </object_component>
      <object_component id="oc-c9">
         <name>.text.SysCtlDelay</name>
         <load_address>0xba6</load_address>
         <run_address>0xba6</run_address>
         <size>0x8</size>
         <input_file_ref idref="fl-cc"/>
      </object_component>
      <object_component id="oc-c8">
         <name>.text.SysCtlClockSet</name>
         <load_address>0x7dc</load_address>
         <run_address>0x7dc</run_address>
         <size>0x11c</size>
         <input_file_ref idref="fl-cc"/>
      </object_component>
      <object_component id="oc-1d2">
         <name>.tramp.SysCtlDelay.2</name>
         <load_address>0x8f8</load_address>
         <run_address>0x8f8</run_address>
         <size>0x8</size>
         <input_file_ref idref="fl-cc"/>
      </object_component>
      <object_component id="oc-ce">
         <name>.text.SysCtlClockGet</name>
         <load_address>0x6b0</load_address>
         <run_address>0x6b0</run_address>
         <size>0x12c</size>
         <input_file_ref idref="fl-cc"/>
      </object_component>
      <object_component id="oc-11d">
         <name>.rodata.g_pui32Xtals</name>
         <load_address>0x990</load_address>
         <run_address>0x990</run_address>
         <size>0x6c</size>
         <input_file_ref idref="fl-cc"/>
      </object_component>
      <object_component id="oc-d0">
         <name>.text.UARTEnable</name>
         <load_address>0xb86</load_address>
         <run_address>0xb86</run_address>
         <size>0x16</size>
         <input_file_ref idref="fl-cd"/>
      </object_component>
      <object_component id="oc-11e">
         <name>.text.UARTDisable</name>
         <load_address>0xb6a</load_address>
         <run_address>0xb6a</run_address>
         <size>0x1c</size>
         <input_file_ref idref="fl-cd"/>
      </object_component>
      <object_component id="oc-cf">
         <name>.text.UARTConfigSetExpClk</name>
         <load_address>0xa48</load_address>
         <run_address>0xa48</run_address>
         <size>0x48</size>
         <input_file_ref idref="fl-cd"/>
      </object_component>
      <object_component id="oc-1d4">
         <name>.tramp.UARTEnable.2</name>
         <load_address>0xa90</load_address>
         <run_address>0xa90</run_address>
         <size>0x8</size>
         <input_file_ref idref="fl-cd"/>
      </object_component>
      <object_component id="oc-1d3">
         <name>.tramp.UARTDisable.1</name>
         <load_address>0xa98</load_address>
         <run_address>0xa98</run_address>
         <size>0x8</size>
         <input_file_ref idref="fl-cd"/>
      </object_component>
      <object_component id="oc-d6">
         <name>.text.UARTCharPut</name>
         <load_address>0xb9c</load_address>
         <run_address>0xb9c</run_address>
         <size>0xa</size>
         <input_file_ref idref="fl-cd"/>
      </object_component>
   </object_component_list>
   <logical_group_list>
      <logical_group id="lg-3" display="no" color="cyan">
         <name>.intvecs</name>
         <load_address>0x0</load_address>
         <run_address>0x0</run_address>
         <size>0x26c</size>
         <contents>
            <object_component_ref idref="oc-12"/>
         </contents>
      </logical_group>
      <logical_group id="lg-4" display="no" color="cyan">
         <name>.text</name>
         <load_address>0x26c</load_address>
         <run_address>0x26c</run_address>
         <size>0x2c4</size>
         <contents>
            <object_component_ref idref="oc-9b"/>
            <object_component_ref idref="oc-53"/>
            <object_component_ref idref="oc-27"/>
            <object_component_ref idref="oc-95"/>
            <object_component_ref idref="oc-db"/>
            <object_component_ref idref="oc-1d1"/>
            <object_component_ref idref="oc-1d0"/>
            <object_component_ref idref="oc-1cf"/>
            <object_component_ref idref="oc-1ce"/>
            <object_component_ref idref="oc-1cd"/>
            <object_component_ref idref="oc-1cc"/>
            <object_component_ref idref="oc-1cb"/>
            <object_component_ref idref="oc-1ca"/>
            <object_component_ref idref="oc-1c9"/>
            <object_component_ref idref="oc-1c8"/>
            <object_component_ref idref="oc-1c7"/>
            <object_component_ref idref="oc-1c6"/>
            <object_component_ref idref="oc-1c5"/>
            <object_component_ref idref="oc-1c4"/>
            <object_component_ref idref="oc-1c3"/>
         </contents>
      </logical_group>
      <logical_group id="lg-5" display="no" color="cyan">
         <name>.const</name>
         <load_address>0x530</load_address>
         <run_address>0x530</run_address>
         <size>0x10</size>
         <contents>
            <object_component_ref idref="oc-d7"/>
         </contents>
      </logical_group>
      <logical_group id="lg-6" display="no" color="cyan">
         <name>.cinit</name>
         <run_address>0x0</run_address>
         <size>0x0</size>
         <contents>
         </contents>
      </logical_group>
      <logical_group id="lg-7" display="no" color="cyan">
         <name>.pinit</name>
         <run_address>0x0</run_address>
         <size>0x0</size>
         <contents>
         </contents>
      </logical_group>
      <logical_group id="lg-8" display="no" color="cyan">
         <name>.init_array</name>
         <run_address>0x0</run_address>
         <size>0x0</size>
         <contents>
         </contents>
      </logical_group>
      <logical_group id="lg-9" display="no" color="cyan">
         <name>.vtable</name>
         <run_address>0x0</run_address>
         <size>0x0</size>
         <contents>
         </contents>
      </logical_group>
      <logical_group id="lg-a" display="no" color="cyan">
         <name>.data</name>
         <run_address>0x0</run_address>
         <size>0x0</size>
         <contents>
         </contents>
      </logical_group>
      <logical_group id="lg-b" display="no" color="cyan">
         <name>.bss</name>
         <run_address>0x0</run_address>
         <size>0x0</size>
         <contents>
         </contents>
      </logical_group>
      <logical_group id="lg-c" display="no" color="cyan">
         <name>.sysmem</name>
         <run_address>0x0</run_address>
         <size>0x0</size>
         <contents>
         </contents>
      </logical_group>
      <logical_group id="lg-d" display="no" color="cyan">
         <name>.stack</name>
         <run_address>0x20000000</run_address>
         <size>0x200</size>
         <contents>
            <object_component_ref idref="oc-24"/>
            <object_component_ref idref="oc-1c2"/>
         </contents>
      </logical_group>
      <logical_group id="lg-171" display="no" color="cyan">
         <name>.TI.noinit</name>
         <run_address>0x0</run_address>
         <size>0x0</size>
         <contents>
         </contents>
      </logical_group>
      <logical_group id="lg-172" display="no" color="cyan">
         <name>.TI.persistent</name>
         <run_address>0x0</run_address>
         <size>0x0</size>
         <contents>
         </contents>
      </logical_group>
      <logical_group id="lg-173" display="no" color="cyan">
         <name>__llvm_prf_cnts</name>
         <run_address>0x20000000</run_address>
         <size>0x0</size>
         <contents>
         </contents>
      </logical_group>
      <logical_group id="lg-182" display="never" color="cyan">
         <name>.debug_info</name>
         <load_address>0x0</load_address>
         <run_address>0x0</run_address>
         <size>0x2482</size>
         <contents>
            <object_component_ref idref="oc-b7"/>
            <object_component_ref idref="oc-d8"/>
            <object_component_ref idref="oc-9c"/>
            <object_component_ref idref="oc-70"/>
            <object_component_ref idref="oc-b2"/>
            <object_component_ref idref="oc-ad"/>
            <object_component_ref idref="oc-75"/>
            <object_component_ref idref="oc-2f"/>
            <object_component_ref idref="oc-13"/>
            <object_component_ref idref="oc-28"/>
            <object_component_ref idref="oc-36"/>
            <object_component_ref idref="oc-25"/>
            <object_component_ref idref="oc-55"/>
            <object_component_ref idref="oc-97"/>
            <object_component_ref idref="oc-dc"/>
            <object_component_ref idref="oc-1d5"/>
         </contents>
      </logical_group>
      <logical_group id="lg-184" display="never" color="cyan">
         <name>.debug_line</name>
         <load_address>0x0</load_address>
         <run_address>0x0</run_address>
         <size>0x5c9</size>
         <contents>
            <object_component_ref idref="oc-11a"/>
            <object_component_ref idref="oc-120"/>
            <object_component_ref idref="oc-a0"/>
            <object_component_ref idref="oc-73"/>
            <object_component_ref idref="oc-b5"/>
            <object_component_ref idref="oc-b0"/>
            <object_component_ref idref="oc-78"/>
            <object_component_ref idref="oc-6f"/>
            <object_component_ref idref="oc-2e"/>
            <object_component_ref idref="oc-2b"/>
            <object_component_ref idref="oc-39"/>
            <object_component_ref idref="oc-6c"/>
            <object_component_ref idref="oc-54"/>
            <object_component_ref idref="oc-99"/>
            <object_component_ref idref="oc-df"/>
         </contents>
      </logical_group>
      <logical_group id="lg-186" display="never" color="cyan">
         <name>.debug_frame</name>
         <load_address>0x0</load_address>
         <run_address>0x0</run_address>
         <size>0x260</size>
         <contents>
            <object_component_ref idref="oc-9f"/>
            <object_component_ref idref="oc-2c"/>
            <object_component_ref idref="oc-58"/>
            <object_component_ref idref="oc-9a"/>
            <object_component_ref idref="oc-e0"/>
         </contents>
      </logical_group>
      <logical_group id="lg-188" display="never" color="cyan">
         <name>.debug_abbrev</name>
         <load_address>0x0</load_address>
         <run_address>0x0</run_address>
         <size>0x50d</size>
         <contents>
            <object_component_ref idref="oc-119"/>
            <object_component_ref idref="oc-11f"/>
            <object_component_ref idref="oc-da"/>
            <object_component_ref idref="oc-72"/>
            <object_component_ref idref="oc-b4"/>
            <object_component_ref idref="oc-af"/>
            <object_component_ref idref="oc-77"/>
            <object_component_ref idref="oc-6e"/>
            <object_component_ref idref="oc-2d"/>
            <object_component_ref idref="oc-6d"/>
            <object_component_ref idref="oc-38"/>
            <object_component_ref idref="oc-6b"/>
            <object_component_ref idref="oc-a2"/>
            <object_component_ref idref="oc-c7"/>
            <object_component_ref idref="oc-121"/>
            <object_component_ref idref="oc-1d6"/>
         </contents>
      </logical_group>
      <logical_group id="lg-18a" display="never" color="cyan">
         <name>.debug_str</name>
         <load_address>0x0</load_address>
         <run_address>0x0</run_address>
         <size>0x977</size>
         <contents>
            <object_component_ref idref="oc-74"/>
            <object_component_ref idref="oc-b6"/>
            <object_component_ref idref="oc-b1"/>
            <object_component_ref idref="oc-79"/>
            <object_component_ref idref="oc-3a"/>
         </contents>
      </logical_group>
      <logical_group id="lg-18c" display="never" color="cyan">
         <name>.debug_aranges</name>
         <load_address>0x0</load_address>
         <run_address>0x0</run_address>
         <size>0xe0</size>
         <contents>
            <object_component_ref idref="oc-9d"/>
            <object_component_ref idref="oc-29"/>
            <object_component_ref idref="oc-56"/>
            <object_component_ref idref="oc-96"/>
            <object_component_ref idref="oc-dd"/>
         </contents>
      </logical_group>
      <logical_group id="lg-18e" display="never" color="cyan">
         <name>.debug_pubnames</name>
         <load_address>0x0</load_address>
         <run_address>0x0</run_address>
         <size>0x3eb</size>
         <contents>
            <object_component_ref idref="oc-d9"/>
            <object_component_ref idref="oc-9e"/>
            <object_component_ref idref="oc-14"/>
            <object_component_ref idref="oc-2a"/>
            <object_component_ref idref="oc-26"/>
            <object_component_ref idref="oc-57"/>
            <object_component_ref idref="oc-98"/>
            <object_component_ref idref="oc-de"/>
            <object_component_ref idref="oc-1d7"/>
         </contents>
      </logical_group>
      <logical_group id="lg-190" display="never" color="cyan">
         <name>.debug_pubtypes</name>
         <load_address>0x0</load_address>
         <run_address>0x0</run_address>
         <size>0x822</size>
         <contents>
            <object_component_ref idref="oc-71"/>
            <object_component_ref idref="oc-b3"/>
            <object_component_ref idref="oc-ae"/>
            <object_component_ref idref="oc-76"/>
            <object_component_ref idref="oc-37"/>
         </contents>
      </logical_group>
      <logical_group id="lg-19a" display="no" color="cyan">
         <name>.text.GPIODirModeSet</name>
         <load_address>0xaa0</load_address>
         <run_address>0xaa0</run_address>
         <size>0x2e</size>
         <contents>
            <object_component_ref idref="oc-11c"/>
         </contents>
      </logical_group>
      <logical_group id="lg-19c" display="no" color="cyan">
         <name>.text.GPIOPadConfigSet</name>
         <load_address>0x540</load_address>
         <run_address>0x540</run_address>
         <size>0x170</size>
         <contents>
            <object_component_ref idref="oc-d4"/>
         </contents>
      </logical_group>
      <logical_group id="lg-19e" display="no" color="cyan">
         <name>.text.GPIOPinRead</name>
         <load_address>0xbae</load_address>
         <run_address>0xbae</run_address>
         <size>0x6</size>
         <contents>
            <object_component_ref idref="oc-d5"/>
         </contents>
      </logical_group>
      <logical_group id="lg-1a0" display="no" color="cyan">
         <name>.text.GPIOPinWrite</name>
         <load_address>0xbb4</load_address>
         <run_address>0xbb4</run_address>
         <size>0x6</size>
         <contents>
            <object_component_ref idref="oc-d2"/>
         </contents>
      </logical_group>
      <logical_group id="lg-1a2" display="no" color="cyan">
         <name>.text.GPIOPinTypeGPIOInput</name>
         <load_address>0xb16</load_address>
         <run_address>0xb16</run_address>
         <size>0x1c</size>
         <contents>
            <object_component_ref idref="oc-d3"/>
         </contents>
      </logical_group>
      <logical_group id="lg-1a4" display="no" color="cyan">
         <name>.text.GPIOPinTypeGPIOOutput</name>
         <load_address>0xb32</load_address>
         <run_address>0xb32</run_address>
         <size>0x1c</size>
         <contents>
            <object_component_ref idref="oc-d1"/>
         </contents>
      </logical_group>
      <logical_group id="lg-1a6" display="no" color="cyan">
         <name>.text.GPIOPinTypeUART</name>
         <load_address>0xb4e</load_address>
         <run_address>0xb4e</run_address>
         <size>0x1c</size>
         <contents>
            <object_component_ref idref="oc-cd"/>
         </contents>
      </logical_group>
      <logical_group id="lg-1a8" display="no" color="cyan">
         <name>.text.GPIOPinConfigure</name>
         <load_address>0x9fc</load_address>
         <run_address>0x9fc</run_address>
         <size>0x4c</size>
         <contents>
            <object_component_ref idref="oc-cc"/>
         </contents>
      </logical_group>
      <logical_group id="lg-1aa" display="no" color="cyan">
         <name>.rodata.g_pui32GPIOBaseAddrs</name>
         <load_address>0x900</load_address>
         <run_address>0x900</run_address>
         <size>0x90</size>
         <contents>
            <object_component_ref idref="oc-11b"/>
         </contents>
      </logical_group>
      <logical_group id="lg-1ac" display="no" color="cyan">
         <name>.text.SysCtlPeripheralReady</name>
         <load_address>0xace</load_address>
         <run_address>0xace</run_address>
         <size>0x26</size>
         <contents>
            <object_component_ref idref="oc-cb"/>
         </contents>
      </logical_group>
      <logical_group id="lg-1ae" display="no" color="cyan">
         <name>.text.SysCtlPeripheralEnable</name>
         <load_address>0xaf4</load_address>
         <run_address>0xaf4</run_address>
         <size>0x22</size>
         <contents>
            <object_component_ref idref="oc-ca"/>
         </contents>
      </logical_group>
      <logical_group id="lg-1b0" display="no" color="cyan">
         <name>.text.SysCtlDelay</name>
         <load_address>0xba6</load_address>
         <run_address>0xba6</run_address>
         <size>0x8</size>
         <contents>
            <object_component_ref idref="oc-c9"/>
         </contents>
      </logical_group>
      <logical_group id="lg-1b2" display="no" color="cyan">
         <name>.text.SysCtlClockSet</name>
         <load_address>0x7dc</load_address>
         <run_address>0x7dc</run_address>
         <size>0x124</size>
         <contents>
            <object_component_ref idref="oc-c8"/>
            <object_component_ref idref="oc-1d2"/>
         </contents>
      </logical_group>
      <logical_group id="lg-1b4" display="no" color="cyan">
         <name>.text.SysCtlClockGet</name>
         <load_address>0x6b0</load_address>
         <run_address>0x6b0</run_address>
         <size>0x12c</size>
         <contents>
            <object_component_ref idref="oc-ce"/>
         </contents>
      </logical_group>
      <logical_group id="lg-1b6" display="no" color="cyan">
         <name>.rodata.g_pui32Xtals</name>
         <load_address>0x990</load_address>
         <run_address>0x990</run_address>
         <size>0x6c</size>
         <contents>
            <object_component_ref idref="oc-11d"/>
         </contents>
      </logical_group>
      <logical_group id="lg-1b8" display="no" color="cyan">
         <name>.text.UARTEnable</name>
         <load_address>0xb86</load_address>
         <run_address>0xb86</run_address>
         <size>0x16</size>
         <contents>
            <object_component_ref idref="oc-d0"/>
         </contents>
      </logical_group>
      <logical_group id="lg-1ba" display="no" color="cyan">
         <name>.text.UARTDisable</name>
         <load_address>0xb6a</load_address>
         <run_address>0xb6a</run_address>
         <size>0x1c</size>
         <contents>
            <object_component_ref idref="oc-11e"/>
         </contents>
      </logical_group>
      <logical_group id="lg-1bc" display="no" color="cyan">
         <name>.text.UARTConfigSetExpClk</name>
         <load_address>0xa48</load_address>
         <run_address>0xa48</run_address>
         <size>0x58</size>
         <contents>
            <object_component_ref idref="oc-cf"/>
            <object_component_ref idref="oc-1d4"/>
            <object_component_ref idref="oc-1d3"/>
         </contents>
      </logical_group>
      <logical_group id="lg-1be" display="no" color="cyan">
         <name>.text.UARTCharPut</name>
         <load_address>0xb9c</load_address>
         <run_address>0xb9c</run_address>
         <size>0xa</size>
         <contents>
            <object_component_ref idref="oc-d6"/>
         </contents>
      </logical_group>
      <logical_group id="lg-1c1" display="no" color="cyan">
         <name>Veneer$$CMSE</name>
         <run_address>0x0</run_address>
         <size>0x0</size>
         <contents>
         </contents>
      </logical_group>
      <load_segment id="lg-1d8" display="no" color="cyan">
         <name>SEGMENT_0</name>
         <load_address>0x0</load_address>
         <run_address>0x0</run_address>
         <size>0xbba</size>
         <flags>0x5</flags>
         <contents>
            <logical_group_ref idref="lg-3"/>
            <logical_group_ref idref="lg-4"/>
            <logical_group_ref idref="lg-5"/>
            <logical_group_ref idref="lg-19c"/>
            <logical_group_ref idref="lg-1b4"/>
            <logical_group_ref idref="lg-1b2"/>
            <logical_group_ref idref="lg-1aa"/>
            <logical_group_ref idref="lg-1b6"/>
            <logical_group_ref idref="lg-1a8"/>
            <logical_group_ref idref="lg-1bc"/>
            <logical_group_ref idref="lg-19a"/>
            <logical_group_ref idref="lg-1ac"/>
            <logical_group_ref idref="lg-1ae"/>
            <logical_group_ref idref="lg-1a2"/>
            <logical_group_ref idref="lg-1a4"/>
            <logical_group_ref idref="lg-1a6"/>
            <logical_group_ref idref="lg-1ba"/>
            <logical_group_ref idref="lg-1b8"/>
            <logical_group_ref idref="lg-1be"/>
            <logical_group_ref idref="lg-1b0"/>
            <logical_group_ref idref="lg-19e"/>
            <logical_group_ref idref="lg-1a0"/>
         </contents>
      </load_segment>
      <load_segment id="lg-1d9" display="no" color="cyan">
         <name>SEGMENT_1</name>
         <run_address>0x20000000</run_address>
         <size>0x200</size>
         <flags>0x6</flags>
         <contents>
            <logical_group_ref idref="lg-d"/>
         </contents>
      </load_segment>
   </logical_group_list>
   <placement_map>
      <memory_area display="yes" color="green">
         <name>FLASH</name>
         <page_id>0x0</page_id>
         <origin>0x0</origin>
         <length>0x40000</length>
         <used_space>0xbba</used_space>
         <unused_space>0x3f446</unused_space>
         <attributes>RX</attributes>
         <usage_details>
            <allocated_space>
               <start_address>0x0</start_address>
               <size>0x26c</size>
               <logical_group_ref idref="lg-3"/>
            </allocated_space>
            <allocated_space>
               <start_address>0x26c</start_address>
               <size>0x2c4</size>
               <logical_group_ref idref="lg-4"/>
            </allocated_space>
            <allocated_space>
               <start_address>0x530</start_address>
               <size>0x10</size>
               <logical_group_ref idref="lg-5"/>
            </allocated_space>
            <allocated_space>
               <start_address>0x540</start_address>
               <size>0x170</size>
               <logical_group_ref idref="lg-19c"/>
            </allocated_space>
            <allocated_space>
               <start_address>0x6b0</start_address>
               <size>0x12c</size>
               <logical_group_ref idref="lg-1b4"/>
            </allocated_space>
            <allocated_space>
               <start_address>0x7dc</start_address>
               <size>0x124</size>
               <logical_group_ref idref="lg-1b2"/>
            </allocated_space>
            <allocated_space>
               <start_address>0x900</start_address>
               <size>0x90</size>
               <logical_group_ref idref="lg-1aa"/>
            </allocated_space>
            <allocated_space>
               <start_address>0x990</start_address>
               <size>0x6c</size>
               <logical_group_ref idref="lg-1b6"/>
            </allocated_space>
            <allocated_space>
               <start_address>0x9fc</start_address>
               <size>0x4c</size>
               <logical_group_ref idref="lg-1a8"/>
            </allocated_space>
            <allocated_space>
               <start_address>0xa48</start_address>
               <size>0x58</size>
               <logical_group_ref idref="lg-1bc"/>
            </allocated_space>
            <allocated_space>
               <start_address>0xaa0</start_address>
               <size>0x2e</size>
               <logical_group_ref idref="lg-19a"/>
            </allocated_space>
            <allocated_space>
               <start_address>0xace</start_address>
               <size>0x26</size>
               <logical_group_ref idref="lg-1ac"/>
            </allocated_space>
            <allocated_space>
               <start_address>0xaf4</start_address>
               <size>0x22</size>
               <logical_group_ref idref="lg-1ae"/>
            </allocated_space>
            <allocated_space>
               <start_address>0xb16</start_address>
               <size>0x1c</size>
               <logical_group_ref idref="lg-1a2"/>
            </allocated_space>
            <allocated_space>
               <start_address>0xb32</start_address>
               <size>0x1c</size>
               <logical_group_ref idref="lg-1a4"/>
            </allocated_space>
            <allocated_space>
               <start_address>0xb4e</start_address>
               <size>0x1c</size>
               <logical_group_ref idref="lg-1a6"/>
            </allocated_space>
            <allocated_space>
               <start_address>0xb6a</start_address>
               <size>0x1c</size>
               <logical_group_ref idref="lg-1ba"/>
            </allocated_space>
            <allocated_space>
               <start_address>0xb86</start_address>
               <size>0x16</size>
               <logical_group_ref idref="lg-1b8"/>
            </allocated_space>
            <allocated_space>
               <start_address>0xb9c</start_address>
               <size>0xa</size>
               <logical_group_ref idref="lg-1be"/>
            </allocated_space>
            <allocated_space>
               <start_address>0xba6</start_address>
               <size>0x8</size>
               <logical_group_ref idref="lg-1b0"/>
            </allocated_space>
            <allocated_space>
               <start_address>0xbae</start_address>
               <size>0x6</size>
               <logical_group_ref idref="lg-19e"/>
            </allocated_space>
            <allocated_space>
               <start_address>0xbb4</start_address>
               <size>0x6</size>
               <logical_group_ref idref="lg-1a0"/>
            </allocated_space>
            <available_space>
               <start_address>0xbba</start_address>
               <size>0x3f446</size>
            </available_space>
         </usage_details>
      </memory_area>
      <memory_area display="yes" color="green">
         <name>SRAM</name>
         <page_id>0x0</page_id>
         <origin>0x20000000</origin>
         <length>0x8000</length>
         <used_space>0x200</used_space>
         <unused_space>0x7e00</unused_space>
         <attributes>RWX</attributes>
         <usage_details>
            <allocated_space>
               <start_address>0x20000000</start_address>
               <size>0x0</size>
               <logical_group_ref idref="lg-173"/>
            </allocated_space>
            <allocated_space>
               <start_address>0x20000000</start_address>
               <size>0x200</size>
               <logical_group_ref idref="lg-d"/>
            </allocated_space>
            <available_space>
               <start_address>0x20000200</start_address>
               <size>0x7e00</size>
            </available_space>
         </usage_details>
      </memory_area>
   </placement_map>
   <far_call_trampoline_list>
      <far_call_trampoline>
         <callee_name>UARTCharPut</callee_name>
         <callee_addr>0xb9c</callee_addr>
         <trampoline_object_component_ref idref="oc-1d1"/>
         <trampoline_address>0x4b8</trampoline_address>
         <caller_list>
            <trampoline_call_site>
               <caller_address>0x3fa</caller_address>
               <caller_object_component_ref idref="oc-9b-411febb8"/>
            </trampoline_call_site>
            <trampoline_call_site>
               <caller_address>0x410</caller_address>
               <caller_object_component_ref idref="oc-9b-411febb8"/>
            </trampoline_call_site>
         </caller_list>
      </far_call_trampoline>
      <far_call_trampoline>
         <callee_name>GPIOPinRead</callee_name>
         <callee_addr>0xbae</callee_addr>
         <trampoline_object_component_ref idref="oc-1d0"/>
         <trampoline_address>0x4c0</trampoline_address>
         <caller_list>
            <trampoline_call_site>
               <caller_address>0x374</caller_address>
               <caller_object_component_ref idref="oc-9b-411febb8"/>
            </trampoline_call_site>
         </caller_list>
      </far_call_trampoline>
      <far_call_trampoline>
         <callee_name>GPIOPadConfigSet</callee_name>
         <callee_addr>0x540</callee_addr>
         <trampoline_object_component_ref idref="oc-1cf"/>
         <trampoline_address>0x4c8</trampoline_address>
         <caller_list>
            <trampoline_call_site>
               <caller_address>0x346</caller_address>
               <caller_object_component_ref idref="oc-9b-411febb8"/>
            </trampoline_call_site>
         </caller_list>
      </far_call_trampoline>
      <far_call_trampoline>
         <callee_name>GPIOPinTypeGPIOInput</callee_name>
         <callee_addr>0xb16</callee_addr>
         <trampoline_object_component_ref idref="oc-1ce"/>
         <trampoline_address>0x4d0</trampoline_address>
         <caller_list>
            <trampoline_call_site>
               <caller_address>0x33a</caller_address>
               <caller_object_component_ref idref="oc-9b-411febb8"/>
            </trampoline_call_site>
         </caller_list>
      </far_call_trampoline>
      <far_call_trampoline>
         <callee_name>GPIOPinWrite</callee_name>
         <callee_addr>0xbb4</callee_addr>
         <trampoline_object_component_ref idref="oc-1cd"/>
         <trampoline_address>0x4d8</trampoline_address>
         <caller_list>
            <trampoline_call_site>
               <caller_address>0x332</caller_address>
               <caller_object_component_ref idref="oc-9b-411febb8"/>
            </trampoline_call_site>
            <trampoline_call_site>
               <caller_address>0x36c</caller_address>
               <caller_object_component_ref idref="oc-9b-411febb8"/>
            </trampoline_call_site>
            <trampoline_call_site>
               <caller_address>0x3a6</caller_address>
               <caller_object_component_ref idref="oc-9b-411febb8"/>
            </trampoline_call_site>
            <trampoline_call_site>
               <caller_address>0x3e6</caller_address>
               <caller_object_component_ref idref="oc-9b-411febb8"/>
            </trampoline_call_site>
         </caller_list>
      </far_call_trampoline>
      <far_call_trampoline>
         <callee_name>GPIOPinTypeGPIOOutput</callee_name>
         <callee_addr>0xb32</callee_addr>
         <trampoline_object_component_ref idref="oc-1cc"/>
         <trampoline_address>0x4e0</trampoline_address>
         <caller_list>
            <trampoline_call_site>
               <caller_address>0x328</caller_address>
               <caller_object_component_ref idref="oc-9b-411febb8"/>
            </trampoline_call_site>
         </caller_list>
      </far_call_trampoline>
      <far_call_trampoline>
         <callee_name>UARTEnable</callee_name>
         <callee_addr>0xb86</callee_addr>
         <trampoline_object_component_ref idref="oc-1cb"/>
         <trampoline_address>0x4e8</trampoline_address>
         <caller_list>
            <trampoline_call_site>
               <caller_address>0x2fc</caller_address>
               <caller_object_component_ref idref="oc-9b-411febb8"/>
            </trampoline_call_site>
         </caller_list>
      </far_call_trampoline>
      <far_call_trampoline>
         <callee_name>UARTConfigSetExpClk</callee_name>
         <callee_addr>0xa48</callee_addr>
         <trampoline_object_component_ref idref="oc-1ca"/>
         <trampoline_address>0x4f0</trampoline_address>
         <caller_list>
            <trampoline_call_site>
               <caller_address>0x2f6</caller_address>
               <caller_object_component_ref idref="oc-9b-411febb8"/>
            </trampoline_call_site>
         </caller_list>
      </far_call_trampoline>
      <far_call_trampoline>
         <callee_name>SysCtlClockGet</callee_name>
         <callee_addr>0x6b0</callee_addr>
         <trampoline_object_component_ref idref="oc-1c9"/>
         <trampoline_address>0x4f8</trampoline_address>
         <caller_list>
            <trampoline_call_site>
               <caller_address>0x2e8</caller_address>
               <caller_object_component_ref idref="oc-9b-411febb8"/>
            </trampoline_call_site>
         </caller_list>
      </far_call_trampoline>
      <far_call_trampoline>
         <callee_name>GPIOPinTypeUART</callee_name>
         <callee_addr>0xb4e</callee_addr>
         <trampoline_object_component_ref idref="oc-1c8"/>
         <trampoline_address>0x500</trampoline_address>
         <caller_list>
            <trampoline_call_site>
               <caller_address>0x2e4</caller_address>
               <caller_object_component_ref idref="oc-9b-411febb8"/>
            </trampoline_call_site>
         </caller_list>
      </far_call_trampoline>
      <far_call_trampoline>
         <callee_name>GPIOPinConfigure</callee_name>
         <callee_addr>0x9fc</callee_addr>
         <trampoline_object_component_ref idref="oc-1c7"/>
         <trampoline_address>0x508</trampoline_address>
         <caller_list>
            <trampoline_call_site>
               <caller_address>0x2d2</caller_address>
               <caller_object_component_ref idref="oc-9b-411febb8"/>
            </trampoline_call_site>
            <trampoline_call_site>
               <caller_address>0x2da</caller_address>
               <caller_object_component_ref idref="oc-9b-411febb8"/>
            </trampoline_call_site>
         </caller_list>
      </far_call_trampoline>
      <far_call_trampoline>
         <callee_name>SysCtlPeripheralReady</callee_name>
         <callee_addr>0xace</callee_addr>
         <trampoline_object_component_ref idref="oc-1c6"/>
         <trampoline_address>0x510</trampoline_address>
         <caller_list>
            <trampoline_call_site>
               <caller_address>0x2be</caller_address>
               <caller_object_component_ref idref="oc-9b-411febb8"/>
            </trampoline_call_site>
            <trampoline_call_site>
               <caller_address>0x2c8</caller_address>
               <caller_object_component_ref idref="oc-9b-411febb8"/>
            </trampoline_call_site>
            <trampoline_call_site>
               <caller_address>0x312</caller_address>
               <caller_object_component_ref idref="oc-9b-411febb8"/>
            </trampoline_call_site>
            <trampoline_call_site>
               <caller_address>0x31c</caller_address>
               <caller_object_component_ref idref="oc-9b-411febb8"/>
            </trampoline_call_site>
         </caller_list>
      </far_call_trampoline>
      <far_call_trampoline>
         <callee_name>SysCtlPeripheralEnable</callee_name>
         <callee_addr>0xaf4</callee_addr>
         <trampoline_object_component_ref idref="oc-1c5"/>
         <trampoline_address>0x518</trampoline_address>
         <caller_list>
            <trampoline_call_site>
               <caller_address>0x2b2</caller_address>
               <caller_object_component_ref idref="oc-9b-411febb8"/>
            </trampoline_call_site>
            <trampoline_call_site>
               <caller_address>0x2b8</caller_address>
               <caller_object_component_ref idref="oc-9b-411febb8"/>
            </trampoline_call_site>
            <trampoline_call_site>
               <caller_address>0x306</caller_address>
               <caller_object_component_ref idref="oc-9b-411febb8"/>
            </trampoline_call_site>
            <trampoline_call_site>
               <caller_address>0x30c</caller_address>
               <caller_object_component_ref idref="oc-9b-411febb8"/>
            </trampoline_call_site>
         </caller_list>
      </far_call_trampoline>
      <far_call_trampoline>
         <callee_name>SysCtlDelay</callee_name>
         <callee_addr>0xba6</callee_addr>
         <trampoline_object_component_ref idref="oc-1c4"/>
         <trampoline_address>0x520</trampoline_address>
         <caller_list>
            <trampoline_call_site>
               <caller_address>0x2a8</caller_address>
               <caller_object_component_ref idref="oc-9b-411febb8"/>
            </trampoline_call_site>
         </caller_list>
      </far_call_trampoline>
      <far_call_trampoline>
         <callee_name>SysCtlClockSet</callee_name>
         <callee_addr>0x7dc</callee_addr>
         <trampoline_object_component_ref idref="oc-1c3"/>
         <trampoline_address>0x528</trampoline_address>
         <caller_list>
            <trampoline_call_site>
               <caller_address>0x270</caller_address>
               <caller_object_component_ref idref="oc-9b-411febb8"/>
            </trampoline_call_site>
         </caller_list>
      </far_call_trampoline>
      <far_call_trampoline>
         <callee_name>SysCtlDelay</callee_name>
         <callee_addr>0xba6</callee_addr>
         <trampoline_object_component_ref idref="oc-1d2"/>
         <trampoline_address>0x8f8</trampoline_address>
         <caller_list>
            <trampoline_call_site>
               <caller_address>0x8d0</caller_address>
               <caller_object_component_ref idref="oc-c8-411febb8"/>
            </trampoline_call_site>
         </caller_list>
      </far_call_trampoline>
      <far_call_trampoline>
         <callee_name>UARTEnable</callee_name>
         <callee_addr>0xb86</callee_addr>
         <trampoline_object_component_ref idref="oc-1d4"/>
         <trampoline_address>0xa90</trampoline_address>
         <caller_list>
            <trampoline_call_site>
               <caller_address>0xa8c</caller_address>
               <caller_object_component_ref idref="oc-cf-411febb8"/>
            </trampoline_call_site>
         </caller_list>
      </far_call_trampoline>
      <far_call_trampoline>
         <callee_name>UARTDisable</callee_name>
         <callee_addr>0xb6a</callee_addr>
         <trampoline_object_component_ref idref="oc-1d3"/>
         <trampoline_address>0xa98</trampoline_address>
         <caller_list>
            <trampoline_call_site>
               <caller_address>0xa52</caller_address>
               <caller_object_component_ref idref="oc-cf-411febb8"/>
            </trampoline_call_site>
         </caller_list>
      </far_call_trampoline>
   </far_call_trampoline_list>
   <trampoline_count>0x12</trampoline_count>
   <trampoline_call_count>0x1d</trampoline_call_count>
   <symbol_table>
      <symbol id="sm-1">
         <name>__STACK_TOP</name>
         <value>0x20000200</value>
      </symbol>
      <symbol id="sm-2">
         <name>__start___llvm_prf_cnts</name>
         <value>0x20000000</value>
      </symbol>
      <symbol id="sm-3">
         <name>__stop___llvm_prf_cnts</name>
         <value>0x20000000</value>
      </symbol>
      <symbol id="sm-4">
         <name>binit</name>
         <value>0xffffffff</value>
      </symbol>
      <symbol id="sm-5">
         <name>__binit__</name>
         <value>0xffffffff</value>
      </symbol>
      <symbol id="sm-6">
         <name>__STACK_SIZE</name>
         <value>0x200</value>
      </symbol>
      <symbol id="sm-7">
         <name>__STACK_END</name>
         <value>0x20000200</value>
      </symbol>
      <symbol id="sm-8">
         <name>__c_args__</name>
         <value>0xffffffff</value>
      </symbol>
      <symbol id="sm-9">
         <name>__TI_pprof_out_hndl</name>
         <value>0xffffffff</value>
      </symbol>
      <symbol id="sm-a">
         <name>__TI_prof_data_start</name>
         <value>0xffffffff</value>
      </symbol>
      <symbol id="sm-b">
         <name>__TI_prof_data_size</name>
         <value>0xffffffff</value>
      </symbol>
      <symbol id="sm-c">
         <name>__TI_static_base__</name>
         <value>0x0</value>
      </symbol>
      <symbol id="sm-7c">
         <name>Keypad_Init</name>
         <value>0x303</value>
         <object_component_ref idref="oc-9b"/>
      </symbol>
      <symbol id="sm-7d">
         <name>Keypad_GetKey</name>
         <value>0x34d</value>
         <object_component_ref idref="oc-9b"/>
      </symbol>
      <symbol id="sm-7e">
         <name>main</name>
         <value>0x26d</value>
         <object_component_ref idref="oc-9b"/>
      </symbol>
      <symbol id="sm-7f">
         <name>UART_SendString</name>
         <value>0x401</value>
         <object_component_ref idref="oc-9b"/>
      </symbol>
      <symbol id="sm-80">
         <name>UART0_Init</name>
         <value>0x2af</value>
         <object_component_ref idref="oc-9b"/>
      </symbol>
      <symbol id="sm-81">
         <name>keypad</name>
         <value>0x530</value>
         <object_component_ref idref="oc-d7"/>
      </symbol>
      <symbol id="sm-82">
         <name>UART_SendChar</name>
         <value>0x3ef</value>
         <object_component_ref idref="oc-9b"/>
      </symbol>
      <symbol id="sm-a3">
         <name>ResetISR</name>
         <value>0x4a5</value>
         <object_component_ref idref="oc-27"/>
      </symbol>
      <symbol id="sm-a4">
         <name>g_pfnVectors</name>
         <value>0x0</value>
         <object_component_ref idref="oc-12"/>
      </symbol>
      <symbol id="sm-bc">
         <name>_c_int00_noinit_noargs</name>
         <value>0x479</value>
         <object_component_ref idref="oc-53"/>
      </symbol>
      <symbol id="sm-bd">
         <name>__stack</name>
         <value>0x20000000</value>
         <object_component_ref idref="oc-24"/>
      </symbol>
      <symbol id="sm-ca">
         <name>_system_pre_init</name>
         <value>0x4b1</value>
         <object_component_ref idref="oc-95"/>
      </symbol>
      <symbol id="sm-d6">
         <name>C$$EXIT</name>
         <value>0x4b5</value>
         <object_component_ref idref="oc-db"/>
      </symbol>
      <symbol id="sm-d7">
         <name>abort</name>
         <value>0x4b5</value>
         <object_component_ref idref="oc-db"/>
      </symbol>
      <symbol id="sm-f0">
         <name>GPIODirModeSet</name>
         <value>0xaa1</value>
         <object_component_ref idref="oc-11c"/>
      </symbol>
      <symbol id="sm-f1">
         <name>GPIOPadConfigSet</name>
         <value>0x541</value>
         <object_component_ref idref="oc-d4"/>
      </symbol>
      <symbol id="sm-f2">
         <name>GPIOPinRead</name>
         <value>0xbaf</value>
         <object_component_ref idref="oc-d5"/>
      </symbol>
      <symbol id="sm-f3">
         <name>GPIOPinWrite</name>
         <value>0xbb5</value>
         <object_component_ref idref="oc-d2"/>
      </symbol>
      <symbol id="sm-f4">
         <name>GPIOPinTypeGPIOInput</name>
         <value>0xb17</value>
         <object_component_ref idref="oc-d3"/>
      </symbol>
      <symbol id="sm-f5">
         <name>GPIOPinTypeGPIOOutput</name>
         <value>0xb33</value>
         <object_component_ref idref="oc-d1"/>
      </symbol>
      <symbol id="sm-f6">
         <name>GPIOPinTypeUART</name>
         <value>0xb4f</value>
         <object_component_ref idref="oc-cd"/>
      </symbol>
      <symbol id="sm-f7">
         <name>GPIOPinConfigure</name>
         <value>0x9fd</value>
         <object_component_ref idref="oc-cc"/>
      </symbol>
      <symbol id="sm-117">
         <name>SysCtlPeripheralReady</name>
         <value>0xacf</value>
         <object_component_ref idref="oc-cb"/>
      </symbol>
      <symbol id="sm-118">
         <name>SysCtlPeripheralEnable</name>
         <value>0xaf5</value>
         <object_component_ref idref="oc-ca"/>
      </symbol>
      <symbol id="sm-119">
         <name>SysCtlDelay</name>
         <value>0xba7</value>
         <object_component_ref idref="oc-c9"/>
      </symbol>
      <symbol id="sm-11a">
         <name>SysCtlClockSet</name>
         <value>0x7dd</value>
         <object_component_ref idref="oc-c8"/>
      </symbol>
      <symbol id="sm-11b">
         <name>SysCtlClockGet</name>
         <value>0x6b1</value>
         <object_component_ref idref="oc-ce"/>
      </symbol>
      <symbol id="sm-131">
         <name>UARTEnable</name>
         <value>0xb87</value>
         <object_component_ref idref="oc-d0"/>
      </symbol>
      <symbol id="sm-132">
         <name>UARTDisable</name>
         <value>0xb6b</value>
         <object_component_ref idref="oc-11e"/>
      </symbol>
      <symbol id="sm-133">
         <name>UARTConfigSetExpClk</name>
         <value>0xa49</value>
         <object_component_ref idref="oc-cf"/>
      </symbol>
      <symbol id="sm-134">
         <name>UARTCharPut</name>
         <value>0xb9d</value>
         <object_component_ref idref="oc-d6"/>
      </symbol>
      <symbol id="sm-140">
         <name>__mpu_init</name>
         <value>0x0</value>
      </symbol>
   </symbol_table>
   <title>Link successful</title>
</link_info>
